0.yum install libnsl 
----------------------------------------------------------------------
1.建立賬號
sudo useradd -u 38322 dasacc 
sudo useradd -u 38927 -g wasiadm1 -m -d /home/wasinst1 wasinst1
sudo useradd -u 38327 -g db2iadm1 -m -d /home/dasinst1 dasinst1
sudo useradd -u 38324 -g db2iadm1 -m -d /home/db2inst1 db2inst1 
sudo useradd -u 38323 -g db2fadm1 -m -d /home/db2fenc1 db2fenc1
----------------------------------------------------------------------
2.建立群組
sudo groupadd --gid 38325 db2iadm1
sudo groupadd --gid 38326 db2fadm1
sudo groupadd --gid 38328 wasiadm1
----------------------------------------------------------------------

3.vi /etc/group   把賬號加入最後 
db2iadm1:x:38325:db2inst1,dasinst1
db2fadm1:x:38326:db2fenc1
wasiadm1:x:38328:wasinst1

[root@localhost universal]# ./db2_install
Requirement not matched for DB2 database "Server" . Version: "10.5.0.11".

Summary of prerequisites that are not met on the current system:

   DBT3514W  The db2prereqcheck utility failed to find the following 32-bit library file: "/lib/libpam.so*".


DBT3514W  The db2prereqcheck utility failed to find the following 32-bit library file: "libstdc++.so.6".


DBI1324W  Support of the db2_install command is deprecated.



Default directory for installation of products - /opt/ibm/db2/V10.5

***********************************************************
Install into default directory (/opt/ibm/db2/V10.5) ? [yes/no]
y
Install into default directory (/opt/ibm/db2/V10.5) ? [yes/no]
y
Install into default directory (/opt/ibm/db2/V10.5) ? [yes/no]
yes


Specify one of the following keywords to install DB2 products.

  SERVER
  CONSV
  EXP
  CLIENT
  RTCL

Enter "help" to redisplay product names.

Enter "quit" to exit.

***********************************************************
SERVER
***********************************************************
Do you want to install the DB2 pureScale Feature? [yes/no]
no
Requirement not matched for DB2 database "Server" . Version: "10.5.0.11".

Summary of prerequisites that are not met on the current system:

   DBT3514W  The db2prereqcheck utility failed to find the following 32-bit library file: "/lib/libpam.so*".


DBT3514W  The db2prereqcheck utility failed to find the following 32-bit library file: "libstdc++.so.6".


DB2 installation is being initialized.

 Total number of tasks to be performed: 49
Total estimated time for all tasks to be performed: 1991 second(s)

Task #1 start
Description: Checking license agreement acceptance
Estimated time 1 second(s)
Task #1 end

Task #2 start
Description: Base Client Support for installation with root privileges
Estimated time 3 second(s)
Task #2 end

Task #3 start
Description: Product Messages - English
Estimated time 14 second(s)
Task #3 end

Task #4 start
Description: Base client support
Estimated time 323 second(s)
Task #4 end

Task #5 start
Description: Java Runtime Support
Estimated time 169 second(s)
Task #5 end

Task #6 start
Description: Java Help (HTML) - English
Estimated time 7 second(s)
Task #6 end

Task #7 start
Description: Base server support for installation with root privileges
Estimated time 7 second(s)
Task #7 end

Task #8 start
Description: Global Secure ToolKit
Estimated time 74 second(s)
Task #8 end

Task #9 start
Description: Java support
Estimated time 13 second(s)
Task #9 end

Task #10 start
Description: SQL procedures
Estimated time 3 second(s)
Task #10 end

Task #11 start
Description: ICU Utilities
Estimated time 35 second(s)
Task #11 end

Task #12 start
Description: Java Common files
Estimated time 18 second(s)
Task #12 end

Task #13 start
Description: Base server support
Estimated time 500 second(s)
Task #13 end

Task #14 start
Description: Control Center Help (HTML) - English
Estimated time 13 second(s)
Task #14 end

Task #15 start
Description: Connect support
Estimated time 3 second(s)
Task #15 end

Task #16 start
Description: Relational wrappers common
Estimated time 3 second(s)
Task #16 end

Task #17 start
Description: DB2 data source support
Estimated time 6 second(s)
Task #17 end

Task #18 start
Description: Spatial Extender server support
Estimated time 18 second(s)
Task #18 end

Task #19 start
Description: IBM Software Development Kit (SDK) for Java(TM)
Estimated time 45 second(s)
Task #19 end

Task #20 start
Description: DB2 LDAP support
Estimated time 4 second(s)
Task #20 end

Task #21 start
Description: DB2 Instance Setup wizard
Estimated time 20 second(s)
Task #21 end

Task #22 start
Description: Integrated Flash Copy Support
Estimated time 3 second(s)
Task #22 end

Task #23 start
Description: Spatial Extender client
Estimated time 3 second(s)
Task #23 end

Task #24 start
Description: Communication support - TCP/IP
Estimated time 3 second(s)
Task #24 end

Task #25 start
Description: Tivoli SA MP
Estimated time 300 second(s)
Task #25 end

Task #26 start
Description: Base application development tools
Estimated time 34 second(s)
Task #26 end

Task #27 start
Description: DB2 Update Service
Estimated time 4 second(s)
Task #27 end

Task #28 start
Description: Parallel Extension
Estimated time 3 second(s)
Task #28 end

Task #29 start
Description: EnterpriseDB code
Estimated time 4 second(s)
Task #29 end

Task #30 start
Description: Replication tools
Estimated time 61 second(s)
Task #30 end

Task #31 start
Description: Sample database source
Estimated time 4 second(s)
Task #31 end

Task #32 start
Description: itlm
Estimated time 3 second(s)
Task #32 end

Task #33 start
Description: DB2 Text Search
Estimated time 123 second(s)
Task #33 end

Task #34 start
Description: Command Line Processor Plus
Estimated time 6 second(s)
Task #34 end

Task #35 start
Description: Informix data source support
Estimated time 4 second(s)
Task #35 end

Task #36 start
Description: Oracle data source support
Estimated time 4 second(s)
Task #36 end

Task #37 start
Description: First Steps
Estimated time 3 second(s)
Task #37 end

Task #38 start
Description: Product Signature for DB2 Server Edition
Estimated time 6 second(s)
Task #38 end

Task #39 start
Description: Guardium Installation Manager Client
Estimated time 36 second(s)
Task #39 end

Task #40 start
Description: Setting DB2 library path
Estimated time 180 second(s)
Task #40 end

Task #41 start
Description: Installing or updating DB2 HA scripts for IBM Tivoli System Automation for Multiplatforms (Tivoli SA MP)
Estimated time 40 second(s)
Task #41 end

Task #42 start
Description: Executing control tasks
Estimated time 20 second(s)
Task #42 end

Task #43 start
Description: Updating global registry
Estimated time 20 second(s)
Task #43 end

Task #44 start
Description: Starting DB2 Fault Monitor
Estimated time 10 second(s)
Task #44 end

Task #45 start
Description: Updating the db2ls and db2greg link
Estimated time 1 second(s)
Task #45 end

Task #46 start
Description: Registering DB2 licenses
Estimated time 5 second(s)
Task #46 end

Task #47 start
Description: Setting default global profile registry variables
Estimated time 1 second(s)
Task #47 end

Task #48 start
Description: Initializing instance list
Estimated time 5 second(s)
Task #48 end

Task #49 start
Description: Registering DB2 Update Service
Estimated time 30 second(s)
Task #49 end

Task #50 start
Description: Updating global profile registry
Estimated time 3 second(s)
Task #50 end

The execution completed successfully.

For more information see the DB2 installation log at
"/tmp/db2_install.log.3478".
[root@localhost universal]# vi /tmp/db2_install.log.3478
[root@localhost universal]# /opt/ibm/db2/V10.5/cfg/db2ln
[root@localhost universal]# ls -lat /usr/lib
total 68
dr-xr-xr-x.  38 root root  4096 Oct 28 10:34 .
lrwxrwxrwx.   1 root root    39 Oct 28 10:34 libdb2e.so.1.0 -> /opt/ibm/db2/V10.5/lib32/libdb2e.so.1.0
lrwxrwxrwx.   1 root root    37 Oct 28 10:34 libdb2e.so.1 -> /opt/ibm/db2/V10.5/lib32/libdb2e.so.1
lrwxrwxrwx.   1 root root    35 Oct 28 10:34 libdb2e.so -> /opt/ibm/db2/V10.5/lib32/libdb2e.so
lrwxrwxrwx.   1 root root    38 Oct 28 10:34 libdb2.so.1.0 -> /opt/ibm/db2/V10.5/lib32/libdb2.so.1.0
lrwxrwxrwx.   1 root root    36 Oct 28 10:34 libdb2.so.1 -> /opt/ibm/db2/V10.5/lib32/libdb2.so.1
lrwxrwxrwx.   1 root root    34 Oct 28 10:34 libdb2.so -> /opt/ibm/db2/V10.5/lib32/libdb2.so
drwxr-xr-x.  39 root root  4096 Oct 27 10:28 locale
drwxr-xr-x.  91 root root 16384 Oct 27 10:28 firmware
drwxr-xr-x.   4 root root  4096 Oct 27 10:26 udev
drwxr-xr-x.   2 root root  4096 Oct 27 10:26 tmpfiles.d
drwxr-xr-x.  16 root root  4096 Oct 27 10:25 tuned
drwxr-xr-x.   8 root root    97 Oct 27 10:25 firewalld
drwxr-xr-x.  13 root root   158 Oct 27 10:25 ..
drwxr-xr-x.   2 root root    74 Oct 27 10:25 realmd
drwxr-xr-x.   2 root root   107 Oct 27 10:25 modules-load.d
drwxr-xr-x.   9 root root   109 Oct 27 10:25 cups
drwxr-xr-x.   2 root root   101 Oct 27 10:24 sysusers.d
drwxr-xr-x.   2 root root   208 Oct 27 10:22 sysctl.d
drwxr-xr-x.   2 root root    79 Oct 27 10:22 kdump
drwxr-xr-x.  16 root root  4096 Oct 27 10:22 systemd
drwxr-xr-x.   2 root root    26 Oct 27 10:22 mdadm
drwxr-xr-x.   3 root root    18 Oct 27 10:21 alsa
drwxr-xr-x.   5 root root  4096 Oct 27 10:21 rpm
drwxr-xr-x.   4 root root    72 Oct 27 10:16 modules
drwxr-xr-x.   2 root root    55 Oct 27 10:16 ostree
drwxr-xr-x.   2 root root    50 Oct 27 10:15 polkit-1
drwxr-xr-x.   2 root root    75 Oct 27 10:15 modprobe.d
drwxr-xr-x.   3 root root    19 Oct 27 10:15 fontconfig
drwxr-xr-x.   2 root root    33 Oct 27 10:15 environment.d
drwxr-xr-x.   4 root root   236 Oct 27 10:15 dracut
drwxr-xr-x.   6 root root    76 Oct 27 10:14 kbd
drwxr-xr-x.   3 root root    21 Oct 27 10:13 grub
drwxr-xr-x.   4 root root    76 Oct 27 10:12 debug
drwxr-xr-x.   3 root root    24 Oct 27 10:12 swidtag
drwxr-xr-x.   4 root root    39 Oct 27 10:12 mozilla
-rw-r--r--.   1 root root   592 Apr  6  2022 os-release
drwxr-xr-x.   6 root root    77 Mar 22  2022 NetworkManager
drwxr-xr-x.   2 root root     6 Feb  8  2022 binfmt.d
drwxr-xr-x.   3 root root    23 Feb  8  2022 kernel
drwxr-xr-x.   3 root root    27 Jan 15  2022 python3.6
dr-xr-xr-x.   2 root root     6 Jun 21  2021 games
dr-xr-xr-x.   2 root root     6 Jun 21  2021 sse2
drwxr-xr-x.   2 root root     6 Jun 21  2021 sysimage
drwxr-xr-x. 258 root root  8192 Nov  8  2018 .build-id
[root@localhost universal]# cd /usr/lib ls-lat
bash: cd: too many arguments
[root@localhost universal]# cd /usr/lib
[root@localhost lib]# ls -lat
total 68
dr-xr-xr-x.  38 root root  4096 Oct 28 10:34 .
lrwxrwxrwx.   1 root root    39 Oct 28 10:34 libdb2e.so.1.0 -> /opt/ibm/db2/V10.5/lib32/libdb2e.so.1.0
lrwxrwxrwx.   1 root root    37 Oct 28 10:34 libdb2e.so.1 -> /opt/ibm/db2/V10.5/lib32/libdb2e.so.1
lrwxrwxrwx.   1 root root    35 Oct 28 10:34 libdb2e.so -> /opt/ibm/db2/V10.5/lib32/libdb2e.so
lrwxrwxrwx.   1 root root    38 Oct 28 10:34 libdb2.so.1.0 -> /opt/ibm/db2/V10.5/lib32/libdb2.so.1.0
lrwxrwxrwx.   1 root root    36 Oct 28 10:34 libdb2.so.1 -> /opt/ibm/db2/V10.5/lib32/libdb2.so.1
lrwxrwxrwx.   1 root root    34 Oct 28 10:34 libdb2.so -> /opt/ibm/db2/V10.5/lib32/libdb2.so
drwxr-xr-x.  39 root root  4096 Oct 27 10:28 locale
drwxr-xr-x.  91 root root 16384 Oct 27 10:28 firmware
drwxr-xr-x.   4 root root  4096 Oct 27 10:26 udev
drwxr-xr-x.   2 root root  4096 Oct 27 10:26 tmpfiles.d
drwxr-xr-x.  16 root root  4096 Oct 27 10:25 tuned
drwxr-xr-x.   8 root root    97 Oct 27 10:25 firewalld
drwxr-xr-x.  13 root root   158 Oct 27 10:25 ..
drwxr-xr-x.   2 root root    74 Oct 27 10:25 realmd
drwxr-xr-x.   2 root root   107 Oct 27 10:25 modules-load.d
drwxr-xr-x.   9 root root   109 Oct 27 10:25 cups
drwxr-xr-x.   2 root root   101 Oct 27 10:24 sysusers.d
drwxr-xr-x.   2 root root   208 Oct 27 10:22 sysctl.d
drwxr-xr-x.   2 root root    79 Oct 27 10:22 kdump
drwxr-xr-x.  16 root root  4096 Oct 27 10:22 systemd
drwxr-xr-x.   2 root root    26 Oct 27 10:22 mdadm
drwxr-xr-x.   3 root root    18 Oct 27 10:21 alsa
drwxr-xr-x.   5 root root  4096 Oct 27 10:21 rpm
drwxr-xr-x.   4 root root    72 Oct 27 10:16 modules
drwxr-xr-x.   2 root root    55 Oct 27 10:16 ostree
drwxr-xr-x.   2 root root    50 Oct 27 10:15 polkit-1
drwxr-xr-x.   2 root root    75 Oct 27 10:15 modprobe.d
drwxr-xr-x.   3 root root    19 Oct 27 10:15 fontconfig
drwxr-xr-x.   2 root root    33 Oct 27 10:15 environment.d
drwxr-xr-x.   4 root root   236 Oct 27 10:15 dracut
drwxr-xr-x.   6 root root    76 Oct 27 10:14 kbd
drwxr-xr-x.   3 root root    21 Oct 27 10:13 grub
drwxr-xr-x.   4 root root    76 Oct 27 10:12 debug
drwxr-xr-x.   3 root root    24 Oct 27 10:12 swidtag
drwxr-xr-x.   4 root root    39 Oct 27 10:12 mozilla
-rw-r--r--.   1 root root   592 Apr  6  2022 os-release
drwxr-xr-x.   6 root root    77 Mar 22  2022 NetworkManager
drwxr-xr-x.   2 root root     6 Feb  8  2022 binfmt.d
drwxr-xr-x.   3 root root    23 Feb  8  2022 kernel
drwxr-xr-x.   3 root root    27 Jan 15  2022 python3.6
dr-xr-xr-x.   2 root root     6 Jun 21  2021 games
dr-xr-xr-x.   2 root root     6 Jun 21  2021 sse2
drwxr-xr-x.   2 root root     6 Jun 21  2021 sysimage
drwxr-xr-x. 258 root root  8192 Nov  8  2018 .build-id
[root@localhost lib]# /opt/ibm/db2/V10.5/instance/db2icrt  -s ese -a SERVER -u db2fenc1 db2inst1
DBI1446I  The db2icrt command is running.


DB2 installation is being initialized.

 Total number of tasks to be performed: 4
Total estimated time for all tasks to be performed: 309 second(s)

Task #1 start
Description: Setting default global profile registry variables
Estimated time 1 second(s)
Task #1 end

Task #2 start
Description: Initializing instance list
Estimated time 5 second(s)
Task #2 end

Task #3 start
Description: Configuring DB2 instances
Estimated time 300 second(s)
Task #3 end

Task #4 start
Description: Updating global profile registry
Estimated time 3 second(s)
Task #4 end

The execution completed successfully.

For more information see the DB2 installation log at "/tmp/db2icrt.log.39411".
DBI1070I  Program db2icrt completed successfully.


[root@localhost lib]# vi /tmp/db2icrt.log.39411
[root@localhost lib]# su db2inst1
[db2inst1@localhost lib]$ db2start
SQL8007W  There are "90" day(s) left in the evaluation period for the product
"DB2 Advanced Enterprise Server Edition". For evaluation license terms and
conditions, refer to the License Agreement document located in the license
directory in the installation path of this product. If you have licensed this
product, ensure the license key is properly registered. You can register the
license by using the db2licm command line utility. The license key can be
obtained from your licensed product CD.
10/28/2022 10:38:28     0   0   SQL1063N  DB2START processing was successful.
SQL1063N  DB2START processing was successful.
[db2inst1@localhost lib]$ ps -ef |grep db2sysc
db2inst1   50305   50303  3 10:38 pts/0    00:00:00 db2sysc 0
db2inst1   50334   50163  0 10:38 pts/0    00:00:00 grep --color=auto db2sysc
[db2inst1@localhost lib]$ db2samp1
bash: db2samp1: command not found...
[db2inst1@localhost lib]$ db2sampl

  Creating database "SAMPLE"...
  Connecting to database "SAMPLE"...
  Creating tables and data in schema "DB2INST1"...
  Creating tables with XML columns and XML data in schema "DB2INST1"...

  'db2sampl' processing complete.

[db2inst1@localhost lib]$ db2 connect to sample

   Database Connection Information

 Database server        = DB2/LINUXX8664 10.5.11
 SQL authorization ID   = DB2INST1
 Local database alias   = SAMPLE

[db2inst1@localhost lib]$ db2 "select *from org"

DEPTNUMB DEPTNAME       MANAGER DIVISION   LOCATION
-------- -------------- ------- ---------- -------------
      10 Head Office        160 Corporate  New York
      15 New England         50 Eastern    Boston
      20 Mid Atlantic        10 Eastern    Washington
      38 South Atlantic      30 Eastern    Atlanta
      42 Great Lakes        100 Midwest    Chicago
      51 Plains             140 Midwest    Dallas
      66 Pacific            270 Western    San Francisco
      84 Mountain           290 Western    Denver

  8 record(s) selected.

[db2inst1@localhost lib]$ db2 terminate
DB20000I  The TERMINATE command completed successfully.
[db2inst1@localhost lib]$ db2 drop db sample
DB20000I  The DROP DATABASE command completed successfully.
[db2inst1@localhost lib]$ exit
exit
[root@localhost lib]# su dasinst1
[dasinst1@localhost lib]$ cd ~
[dasinst1@localhost ~]$
[dasinst1@localhost ~]$ ls -lat
total 12
drwxr-xr-x. 8 root     root      93 Oct 27 16:37 ..
drwx------. 3 dasinst1 db2iadm1  78 Oct 27 16:37 .
drwxr-xr-x. 4 dasinst1 db2iadm1  39 Oct 27 10:12 .mozilla
-rw-r--r--. 1 dasinst1 db2iadm1  18 Sep 30  2021 .bash_logout
-rw-r--r--. 1 dasinst1 db2iadm1 141 Sep 30  2021 .bash_profile
-rw-r--r--. 1 dasinst1 db2iadm1 376 Sep 30  2021 .bashrc
[dasinst1@localhost ~]$ vi .bash_profile
[dasinst1@localhost ~]$ db2start
bash: db2start: command not found...
[dasinst1@localhost ~]$ ls -lat
total 16
drwx------. 3 dasinst1 db2iadm1  94 Oct 28 11:15 .
-rw-------. 1 dasinst1 db2iadm1 834 Oct 28 11:15 .viminfo
drwxr-xr-x. 8 root     root      93 Oct 27 16:37 ..
drwxr-xr-x. 4 dasinst1 db2iadm1  39 Oct 27 10:12 .mozilla
-rw-r--r--. 1 dasinst1 db2iadm1  18 Sep 30  2021 .bash_logout
-rw-r--r--. 1 dasinst1 db2iadm1 141 Sep 30  2021 .bash_profile
-rw-r--r--. 1 dasinst1 db2iadm1 376 Sep 30  2021 .bashrc
[dasinst1@localhost ~]$ cp .bash_profile .bash_profile_bk
[dasinst1@localhost ~]$ ls -lat
total 20
-rw-r--r--. 1 dasinst1 db2iadm1 141 Oct 28 11:16 .bash_profile_bk
drwx------. 3 dasinst1 db2iadm1 118 Oct 28 11:16 .
-rw-------. 1 dasinst1 db2iadm1 834 Oct 28 11:15 .viminfo
drwxr-xr-x. 8 root     root      93 Oct 27 16:37 ..
drwxr-xr-x. 4 dasinst1 db2iadm1  39 Oct 27 10:12 .mozilla
-rw-r--r--. 1 dasinst1 db2iadm1  18 Sep 30  2021 .bash_logout
-rw-r--r--. 1 dasinst1 db2iadm1 141 Sep 30  2021 .bash_profile
-rw-r--r--. 1 dasinst1 db2iadm1 376 Sep 30  2021 .bashrc
[dasinst1@localhost ~]$ cat .bash_profile
# .bash_profile

# Get the aliases and functions
if [ -f ~/.bashrc ]; then
        . ~/.bashrc
fi

# User specific environment and startup programs
[dasinst1@localhost ~]$ vi .bash_profile
[dasinst1@localhost ~]$ db2start
bash: db2start: command not found...
[dasinst1@localhost ~]$ rm .bash_profile
[dasinst1@localhost ~]$ mv .bash_profile_bk .bash_profile
[dasinst1@localhost ~]$ ls
[dasinst1@localhost ~]$ ls -lat
total 16
drwx------. 3 dasinst1 db2iadm1   94 Oct 28 11:18 .
-rw-------. 1 dasinst1 db2iadm1 1202 Oct 28 11:17 .viminfo
-rw-r--r--. 1 dasinst1 db2iadm1  141 Oct 28 11:16 .bash_profile
drwxr-xr-x. 8 root     root       93 Oct 27 16:37 ..
drwxr-xr-x. 4 dasinst1 db2iadm1   39 Oct 27 10:12 .mozilla
-rw-r--r--. 1 dasinst1 db2iadm1   18 Sep 30  2021 .bash_logout
-rw-r--r--. 1 dasinst1 db2iadm1  376 Sep 30  2021 .bashrc
[dasinst1@localhost ~]$ cd /home
[dasinst1@localhost home]$ ls
dasacc  dasinst1  db2fenc1  db2inst1  m  wasinst1
[dasinst1@localhost home]$ ce dasinst1
bash: ce: command not found...
[dasinst1@localhost home]$ ls -lat
total 4
drwx------.  3 dasinst1 db2iadm1   94 Oct 28 11:18 dasinst1
drwxr-xr-x.  9 db2inst1 db2iadm1  184 Oct 28 10:41 db2inst1
drwx------. 15 m        m        4096 Oct 28 10:07 m
drwx------.  3 db2fenc1 db2fadm1   78 Oct 27 16:37 db2fenc1
drwxr-xr-x.  8 root     root       93 Oct 27 16:37 .
drwx------.  3 wasinst1 wasiadm1   78 Oct 27 16:37 wasinst1
drwx------.  3 dasacc   dasacc     78 Oct 27 16:37 dasacc
dr-xr-xr-x. 17 root     root      224 Oct 27 10:12 ..
[dasinst1@localhost home]$ cd dasinst1
[dasinst1@localhost ~]$ ls
[dasinst1@localhost ~]$ ls -lat
total 16
drwx------. 3 dasinst1 db2iadm1   94 Oct 28 11:18 .
-rw-------. 1 dasinst1 db2iadm1 1202 Oct 28 11:17 .viminfo
-rw-r--r--. 1 dasinst1 db2iadm1  141 Oct 28 11:16 .bash_profile
drwxr-xr-x. 8 root     root       93 Oct 27 16:37 ..
drwxr-xr-x. 4 dasinst1 db2iadm1   39 Oct 27 10:12 .mozilla
-rw-r--r--. 1 dasinst1 db2iadm1   18 Sep 30  2021 .bash_logout
-rw-r--r--. 1 dasinst1 db2iadm1  376 Sep 30  2021 .bashrc
[dasinst1@localhost ~]$ cd /home/dasinst1/
[dasinst1@localhost ~]$ ls -lat
total 16
drwx------. 3 dasinst1 db2iadm1   94 Oct 28 11:18 .
-rw-------. 1 dasinst1 db2iadm1 1202 Oct 28 11:17 .viminfo
-rw-r--r--. 1 dasinst1 db2iadm1  141 Oct 28 11:16 .bash_profile
drwxr-xr-x. 8 root     root       93 Oct 27 16:37 ..
drwxr-xr-x. 4 dasinst1 db2iadm1   39 Oct 27 10:12 .mozilla
-rw-r--r--. 1 dasinst1 db2iadm1   18 Sep 30  2021 .bash_logout
-rw-r--r--. 1 dasinst1 db2iadm1  376 Sep 30  2021 .bashrc
[dasinst1@localhost ~]$ cp .bash_profile .bash_profile_bk
[dasinst1@localhost ~]$ vi .bash_profile
[dasinst1@localhost ~]$ vi .bash_profile
[dasinst1@localhost ~]$ source .bash_profile
[dasinst1@localhost ~]$ db2start
10/28/2022 11:22:47     0   0   SQL1026N  The database manager is already active.
SQL1026N  The database manager is already active.
[dasinst1@localhost ~]$ ps -ef|grep db2sy^C
[dasinst1@localhost ~]$ ps -ef |grep db2sysc
db2inst1   50305   50303  2 10:54 pts/0    00:00:50 db2sysc 0
dasinst1   51745   50571  0 11:26 pts/0    00:00:00 grep --color=auto db2sysc
[dasinst1@localhost ~]$ db2stop
2022-10-28 11:27:01     0   0   SQL1064N  DB2STOP processing was successful.
SQL1064N  DB2STOP processing was successful.
[dasinst1@localhost ~]$ ps -ef |grep db2sysc
dasinst1   51758   50571  0 11:27 pts/0    00:00:00 grep --color=auto db2sysc
[dasinst1@localhost ~]$ db2start
SQL8007W  There are "90" day(s) left in the evaluation period for the product
"DB2 Advanced Enterprise Server Edition". For evaluation license terms and
conditions, refer to the License Agreement document located in the license
directory in the installation path of this product. If you have licensed this
product, ensure the license key is properly registered. You can register the
license by using the db2licm command line utility. The license key can be
obtained from your licensed product CD.
10/28/2022 11:27:13     0   0   SQL1063N  DB2START processing was successful.
SQL1063N  DB2START processing was successful.
[dasinst1@localhost ~]$
